KEY DOES NOT EXIST
KEY DOES NOT EXIST
armor : 8
space : 10
space : 10
origami : 1