armor : 8
space : 10
origami : 2
magic_dragon : 9
dragon_ball_z : 10